venv\Scripts\python : Traceback (most recent call last):
At line:1 char:1
+ venv\Scripts\python test_run.py > test_output.txt 2>&1; 
Get-Content t ...
+ ~~~~~~~~~~~~~~~~~~~~~~~~~~~~~~~~~~~~~~~~~~~~~~~~~~~~~~
    + CategoryInfo          : NotSpecified: (Traceback (most recent 
    call last)::String) [], RemoteException
    + FullyQualifiedErrorId : NativeCommandError
 
  File 
"C:\Users\gs667\Documents\Visual\Bithide\backend\test_run.py", line 
86, in <module>
    print("\n\u2550\u2550\u2550 Encryption Layer 
\u2550\u2550\u2550")
  File "C:\Users\gs667\AppData\Local\Programs\Python\Python310\lib\e
ncodings\cp1252.py", line 19, in encode
    return 
codecs.charmap_encode(input,self.errors,encoding_table)[0]
UnicodeEncodeError: 'charmap' codec can't encode characters in 
position 2-4: character maps to <undefined>
